[0.012s] Invoking command in '/home/sachin/ros2_ws/midas_sim/build/midas_sim': CMAKE_PREFIX_PATH=${CMAKE_PREFIX_PATH}:/opt/ros/humble /usr/bin/cmake --build /home/sachin/ros2_ws/midas_sim/build/midas_sim -- -j12 -l12
[0.072s] [100%] Built target midas_sim
[0.087s] Invoked command in '/home/sachin/ros2_ws/midas_sim/build/midas_sim' returned '0': CMAKE_PREFIX_PATH=${CMAKE_PREFIX_PATH}:/opt/ros/humble /usr/bin/cmake --build /home/sachin/ros2_ws/midas_sim/build/midas_sim -- -j12 -l12
[0.132s] Invoking command in '/home/sachin/ros2_ws/midas_sim/build/midas_sim': CMAKE_PREFIX_PATH=${CMAKE_PREFIX_PATH}:/opt/ros/humble /usr/bin/cmake --install /home/sachin/ros2_ws/midas_sim/build/midas_sim
[0.141s] -- Install configuration: ""
[0.141s] -- Installing: /home/sachin/ros2_ws/midas_sim/install/midas_sim/share/midas_sim/robot_driver.xml
[0.141s] -- Up-to-date: /home/sachin/ros2_ws/midas_sim/install/midas_sim/lib/libmidas_sim.so
[0.142s] -- Up-to-date: /home/sachin/ros2_ws/midas_sim/install/midas_sim/share/midas_sim//launch
[0.142s] -- Up-to-date: /home/sachin/ros2_ws/midas_sim/install/midas_sim/share/midas_sim//launch/robot_launch.py
[0.142s] -- Up-to-date: /home/sachin/ros2_ws/midas_sim/install/midas_sim/share/midas_sim//resource
[0.143s] -- Installing: /home/sachin/ros2_ws/midas_sim/install/midas_sim/share/midas_sim//resource/my_robot.urdf
[0.143s] -- Up-to-date: /home/sachin/ros2_ws/midas_sim/install/midas_sim/share/midas_sim//worlds
[0.143s] -- Up-to-date: /home/sachin/ros2_ws/midas_sim/install/midas_sim/share/midas_sim//worlds/my_world.wbt
[0.143s] -- Up-to-date: /home/sachin/ros2_ws/midas_sim/install/midas_sim/share/midas_sim/environment/library_path.sh
[0.143s] -- Up-to-date: /home/sachin/ros2_ws/midas_sim/install/midas_sim/share/midas_sim/environment/library_path.dsv
[0.143s] -- Up-to-date: /home/sachin/ros2_ws/midas_sim/install/midas_sim/share/ament_index/resource_index/package_run_dependencies/midas_sim
[0.143s] -- Up-to-date: /home/sachin/ros2_ws/midas_sim/install/midas_sim/share/ament_index/resource_index/parent_prefix_path/midas_sim
[0.143s] -- Up-to-date: /home/sachin/ros2_ws/midas_sim/install/midas_sim/share/midas_sim/environment/ament_prefix_path.sh
[0.144s] -- Up-to-date: /home/sachin/ros2_ws/midas_sim/install/midas_sim/share/midas_sim/environment/ament_prefix_path.dsv
[0.144s] -- Up-to-date: /home/sachin/ros2_ws/midas_sim/install/midas_sim/share/midas_sim/environment/path.sh
[0.144s] -- Up-to-date: /home/sachin/ros2_ws/midas_sim/install/midas_sim/share/midas_sim/environment/path.dsv
[0.144s] -- Up-to-date: /home/sachin/ros2_ws/midas_sim/install/midas_sim/share/midas_sim/local_setup.bash
[0.144s] -- Up-to-date: /home/sachin/ros2_ws/midas_sim/install/midas_sim/share/midas_sim/local_setup.sh
[0.144s] -- Up-to-date: /home/sachin/ros2_ws/midas_sim/install/midas_sim/share/midas_sim/local_setup.zsh
[0.144s] -- Up-to-date: /home/sachin/ros2_ws/midas_sim/install/midas_sim/share/midas_sim/local_setup.dsv
[0.144s] -- Installing: /home/sachin/ros2_ws/midas_sim/install/midas_sim/share/midas_sim/package.dsv
[0.144s] -- Up-to-date: /home/sachin/ros2_ws/midas_sim/install/midas_sim/share/ament_index/resource_index/packages/midas_sim
[0.144s] -- Up-to-date: /home/sachin/ros2_ws/midas_sim/install/midas_sim/share/ament_index/resource_index/webots_ros2_driver__pluginlib__plugin/midas_sim
[0.145s] -- Up-to-date: /home/sachin/ros2_ws/midas_sim/install/midas_sim/share/midas_sim/cmake/ament_cmake_export_include_directories-extras.cmake
[0.145s] -- Up-to-date: /home/sachin/ros2_ws/midas_sim/install/midas_sim/share/midas_sim/cmake/ament_cmake_export_libraries-extras.cmake
[0.145s] -- Up-to-date: /home/sachin/ros2_ws/midas_sim/install/midas_sim/share/midas_sim/cmake/midas_simConfig.cmake
[0.145s] -- Up-to-date: /home/sachin/ros2_ws/midas_sim/install/midas_sim/share/midas_sim/cmake/midas_simConfig-version.cmake
[0.145s] -- Up-to-date: /home/sachin/ros2_ws/midas_sim/install/midas_sim/share/midas_sim/package.xml
[0.146s] Invoked command in '/home/sachin/ros2_ws/midas_sim/build/midas_sim' returned '0': CMAKE_PREFIX_PATH=${CMAKE_PREFIX_PATH}:/opt/ros/humble /usr/bin/cmake --install /home/sachin/ros2_ws/midas_sim/build/midas_sim
