[35m[1mConsolidate compiler generated dependencies of target midas_sim[0m
[100%] Built target midas_sim
-- Install configuration: ""
-- Up-to-date: /home/sachin/ros2_ws/midas_sim/install/midas_sim/share/midas_sim/robot_driver.xml
-- Up-to-date: /home/sachin/ros2_ws/midas_sim/install/midas_sim/lib/libmidas_sim.so
-- Up-to-date: /home/sachin/ros2_ws/midas_sim/install/midas_sim/share/midas_sim//launch
-- Up-to-date: /home/sachin/ros2_ws/midas_sim/install/midas_sim/share/midas_sim//launch/robot_launch.py
-- Up-to-date: /home/sachin/ros2_ws/midas_sim/install/midas_sim/share/midas_sim//resource
-- Installing: /home/sachin/ros2_ws/midas_sim/install/midas_sim/share/midas_sim//resource/my_robot.urdf
-- Up-to-date: /home/sachin/ros2_ws/midas_sim/install/midas_sim/share/midas_sim//worlds
-- Up-to-date: /home/sachin/ros2_ws/midas_sim/install/midas_sim/share/midas_sim//worlds/my_world.wbt
-- Up-to-date: /home/sachin/ros2_ws/midas_sim/install/midas_sim/share/midas_sim/environment/library_path.sh
-- Up-to-date: /home/sachin/ros2_ws/midas_sim/install/midas_sim/share/midas_sim/environment/library_path.dsv
-- Up-to-date: /home/sachin/ros2_ws/midas_sim/install/midas_sim/share/ament_index/resource_index/package_run_dependencies/midas_sim
-- Up-to-date: /home/sachin/ros2_ws/midas_sim/install/midas_sim/share/ament_index/resource_index/parent_prefix_path/midas_sim
-- Up-to-date: /home/sachin/ros2_ws/midas_sim/install/midas_sim/share/midas_sim/environment/ament_prefix_path.sh
-- Up-to-date: /home/sachin/ros2_ws/midas_sim/install/midas_sim/share/midas_sim/environment/ament_prefix_path.dsv
-- Up-to-date: /home/sachin/ros2_ws/midas_sim/install/midas_sim/share/midas_sim/environment/path.sh
-- Up-to-date: /home/sachin/ros2_ws/midas_sim/install/midas_sim/share/midas_sim/environment/path.dsv
-- Up-to-date: /home/sachin/ros2_ws/midas_sim/install/midas_sim/share/midas_sim/local_setup.bash
-- Up-to-date: /home/sachin/ros2_ws/midas_sim/install/midas_sim/share/midas_sim/local_setup.sh
-- Up-to-date: /home/sachin/ros2_ws/midas_sim/install/midas_sim/share/midas_sim/local_setup.zsh
-- Up-to-date: /home/sachin/ros2_ws/midas_sim/install/midas_sim/share/midas_sim/local_setup.dsv
-- Installing: /home/sachin/ros2_ws/midas_sim/install/midas_sim/share/midas_sim/package.dsv
-- Up-to-date: /home/sachin/ros2_ws/midas_sim/install/midas_sim/share/ament_index/resource_index/packages/midas_sim
-- Up-to-date: /home/sachin/ros2_ws/midas_sim/install/midas_sim/share/ament_index/resource_index/webots_ros2_driver__pluginlib__plugin/midas_sim
-- Up-to-date: /home/sachin/ros2_ws/midas_sim/install/midas_sim/share/midas_sim/cmake/ament_cmake_export_include_directories-extras.cmake
-- Up-to-date: /home/sachin/ros2_ws/midas_sim/install/midas_sim/share/midas_sim/cmake/ament_cmake_export_libraries-extras.cmake
-- Up-to-date: /home/sachin/ros2_ws/midas_sim/install/midas_sim/share/midas_sim/cmake/midas_simConfig.cmake
-- Up-to-date: /home/sachin/ros2_ws/midas_sim/install/midas_sim/share/midas_sim/cmake/midas_simConfig-version.cmake
-- Up-to-date: /home/sachin/ros2_ws/midas_sim/install/midas_sim/share/midas_sim/package.xml
