[0.012s] Invoking command in '/home/sachin/ros2_ws/midas_sim/build/midas_sim': CMAKE_PREFIX_PATH=/opt/ros/humble /usr/bin/cmake /home/sachin/ros2_ws/midas_sim -DCMAKE_INSTALL_PREFIX=/home/sachin/ros2_ws/midas_sim/install/midas_sim
[0.114s] -- The C compiler identification is GNU 11.4.0
[0.208s] -- The CXX compiler identification is GNU 11.4.0
[0.220s] -- Detecting C compiler ABI info
[0.293s] -- Detecting C compiler ABI info - done
[0.303s] -- Check for working C compiler: /usr/bin/cc - skipped
[0.303s] -- Detecting C compile features
[0.304s] -- Detecting C compile features - done
[0.308s] -- Detecting CXX compiler ABI info
[0.394s] -- Detecting CXX compiler ABI info - done
[0.404s] -- Check for working CXX compiler: /usr/bin/c++ - skipped
[0.405s] -- Detecting CXX compile features
[0.405s] -- Detecting CXX compile features - done
[0.412s] -- Found ament_cmake: 1.3.10 (/opt/ros/humble/share/ament_cmake/cmake)
[0.589s] -- Found Python3: /usr/bin/python3 (found version "3.10.12") found components: Interpreter 
[0.702s] -- Found rclcpp: 16.0.10 (/opt/ros/humble/share/rclcpp/cmake)
[0.760s] -- Found rosidl_generator_c: 3.1.5 (/opt/ros/humble/share/rosidl_generator_c/cmake)
[0.766s] -- Found rosidl_adapter: 3.1.5 (/opt/ros/humble/share/rosidl_adapter/cmake)
[0.778s] -- Found rosidl_generator_cpp: 3.1.5 (/opt/ros/humble/share/rosidl_generator_cpp/cmake)
[0.796s] -- Using all available rosidl_typesupport_c: rosidl_typesupport_fastrtps_c;rosidl_typesupport_introspection_c
[0.818s] -- Using all available rosidl_typesupport_cpp: rosidl_typesupport_fastrtps_cpp;rosidl_typesupport_introspection_cpp
[0.882s] -- Found rmw_implementation_cmake: 6.1.2 (/opt/ros/humble/share/rmw_implementation_cmake/cmake)
[0.885s] -- Found rmw_fastrtps_cpp: 6.2.7 (/opt/ros/humble/share/rmw_fastrtps_cpp/cmake)
[0.981s] -- Found OpenSSL: /usr/lib/x86_64-linux-gnu/libcrypto.so (found version "3.0.2")  
[1.011s] -- Found FastRTPS: /opt/ros/humble/include  
[1.055s] -- Using RMW implementation 'rmw_fastrtps_cpp' as default
[1.067s] -- Looking for pthread.h
[1.155s] -- Looking for pthread.h - found
[1.156s] -- Performing Test CMAKE_HAVE_LIBC_PTHREAD
[1.240s] -- Performing Test CMAKE_HAVE_LIBC_PTHREAD - Success
[1.241s] -- Found Threads: TRUE  
[1.318s] -- Found geometry_msgs: 4.2.4 (/opt/ros/humble/share/geometry_msgs/cmake)
[1.339s] -- Found pluginlib: 5.1.0 (/opt/ros/humble/share/pluginlib/cmake)
[1.368s] -- Found webots_ros2_driver: 2023.1.3 (/opt/ros/humble/share/webots_ros2_driver/cmake)
[1.419s] -- Found eigen3_cmake_module: 0.1.1 (/opt/ros/humble/share/eigen3_cmake_module/cmake)
[1.421s] -- Found Eigen3: TRUE (found version "3.4.0") 
[1.421s] -- Ensuring Eigen3 include directory is part of orocos-kdl CMake target
[1.617s] [31mCMake Error at /opt/ros/humble/share/pluginlib/cmake/pluginlib_export_plugin_description_file.cmake:84 (message):
[1.617s]   Given plugin description file
[1.617s]   '/home/sachin/ros2_ws/midas_sim/obot_driver.xml' does not exist
[1.617s] Call Stack (most recent call first):
[1.618s]   CMakeLists.txt:17 (pluginlib_export_plugin_description_file)
[1.618s] 
[1.618s] [0m
[1.618s] -- Configuring incomplete, errors occurred!
[1.618s] See also "/home/sachin/ros2_ws/midas_sim/build/midas_sim/CMakeFiles/CMakeOutput.log".
[1.627s] Invoked command in '/home/sachin/ros2_ws/midas_sim/build/midas_sim' returned '1': CMAKE_PREFIX_PATH=/opt/ros/humble /usr/bin/cmake /home/sachin/ros2_ws/midas_sim -DCMAKE_INSTALL_PREFIX=/home/sachin/ros2_ws/midas_sim/install/midas_sim
