[0.139s] DEBUG:colcon:Command line arguments: ['/usr/bin/colcon', 'build']
[0.139s] DEBUG:colcon:Parsed command line arguments: Namespace(log_base=None, log_level=None, verb_name='build', build_base='build', install_base='install', merge_install=False, symlink_install=False, test_result_base=None, continue_on_error=False, executor='parallel', parallel_workers=12, event_handlers=None, ignore_user_meta=False, metas=['./colcon.meta'], base_paths=['.'], packages_ignore=None, packages_ignore_regex=None, paths=None, packages_up_to=None, packages_up_to_regex=None, packages_above=None, packages_above_and_dependencies=None, packages_above_depth=None, packages_select_by_dep=None, packages_skip_by_dep=None, packages_skip_up_to=None, packages_select_build_failed=False, packages_skip_build_finished=False, packages_select_test_failures=False, packages_skip_test_passed=False, packages_select=None, packages_skip=None, packages_select_regex=None, packages_skip_regex=None, packages_start=None, packages_end=None, allow_overriding=[], cmake_args=None, cmake_target=None, cmake_target_skip_unavailable=False, cmake_clean_cache=False, cmake_clean_first=False, cmake_force_configure=False, ament_cmake_args=None, catkin_cmake_args=None, catkin_skip_building_tests=False, mixin_files=None, mixin=None, verb_parser=<colcon_mixin.mixin.mixin_argument.MixinArgumentDecorator object at 0x721a6cac2350>, verb_extension=<colcon_core.verb.build.BuildVerb object at 0x721a6cc46980>, main=<bound method BuildVerb.main of <colcon_core.verb.build.BuildVerb object at 0x721a6cc46980>>, mixin_verb=('build',))
[0.360s] Level 1:colcon.colcon_core.package_discovery:discover_packages(colcon_meta) check parameters
[0.360s] Level 1:colcon.colcon_core.package_discovery:discover_packages(recursive) check parameters
[0.360s] Level 1:colcon.colcon_core.package_discovery:discover_packages(ignore) check parameters
[0.360s] Level 1:colcon.colcon_core.package_discovery:discover_packages(path) check parameters
[0.360s] Level 1:colcon.colcon_core.package_discovery:discover_packages(colcon_meta) discover
[0.360s] Level 1:colcon.colcon_core.package_discovery:discover_packages(recursive) discover
[0.360s] INFO:colcon.colcon_core.package_discovery:Crawling recursively for packages in '/home/sachin/ros2_ws/midas_sim'
[0.360s] Level 1:colcon.colcon_core.package_identification:_identify(.) by extensions ['ignore', 'ignore_ament_install']
[0.361s] Level 1:colcon.colcon_core.package_identification:_identify(.) by extension 'ignore'
[0.361s] Level 1:colcon.colcon_core.package_identification:_identify(.) by extension 'ignore_ament_install'
[0.361s] Level 1:colcon.colcon_core.package_identification:_identify(.) by extensions ['colcon_pkg']
[0.361s] Level 1:colcon.colcon_core.package_identification:_identify(.) by extension 'colcon_pkg'
[0.361s] Level 1:colcon.colcon_core.package_identification:_identify(.) by extensions ['colcon_meta']
[0.361s] Level 1:colcon.colcon_core.package_identification:_identify(.) by extension 'colcon_meta'
[0.361s] Level 1:colcon.colcon_core.package_identification:_identify(.) by extensions ['ros']
[0.361s] Level 1:colcon.colcon_core.package_identification:_identify(.) by extension 'ros'
[0.378s] DEBUG:colcon.colcon_core.package_identification:Package '.' with type 'ros.ament_cmake' and name 'midas_sim'
[0.378s] Level 1:colcon.colcon_core.package_discovery:discover_packages(recursive) using defaults
[0.378s] Level 1:colcon.colcon_core.package_discovery:discover_packages(ignore) discover
[0.378s] Level 1:colcon.colcon_core.package_discovery:discover_packages(ignore) using defaults
[0.378s] Level 1:colcon.colcon_core.package_discovery:discover_packages(path) discover
[0.378s] Level 1:colcon.colcon_core.package_discovery:discover_packages(path) using defaults
[0.410s] Level 1:colcon.colcon_core.package_discovery:discover_packages(prefix_path) check parameters
[0.411s] Level 1:colcon.colcon_core.package_discovery:discover_packages(prefix_path) discover
[0.412s] DEBUG:colcon.colcon_installed_package_information.package_discovery:Found 1 installed packages in /home/sachin/ros2_ws/midas_sim/install
[0.414s] DEBUG:colcon.colcon_installed_package_information.package_discovery:Found 301 installed packages in /opt/ros/humble
[0.416s] Level 1:colcon.colcon_core.package_discovery:discover_packages(prefix_path) using defaults
[0.468s] Level 5:colcon.colcon_core.verb:set package 'midas_sim' build argument 'cmake_args' from command line to 'None'
[0.469s] Level 5:colcon.colcon_core.verb:set package 'midas_sim' build argument 'cmake_target' from command line to 'None'
[0.469s] Level 5:colcon.colcon_core.verb:set package 'midas_sim' build argument 'cmake_target_skip_unavailable' from command line to 'False'
[0.469s] Level 5:colcon.colcon_core.verb:set package 'midas_sim' build argument 'cmake_clean_cache' from command line to 'False'
[0.469s] Level 5:colcon.colcon_core.verb:set package 'midas_sim' build argument 'cmake_clean_first' from command line to 'False'
[0.469s] Level 5:colcon.colcon_core.verb:set package 'midas_sim' build argument 'cmake_force_configure' from command line to 'False'
[0.469s] Level 5:colcon.colcon_core.verb:set package 'midas_sim' build argument 'ament_cmake_args' from command line to 'None'
[0.469s] Level 5:colcon.colcon_core.verb:set package 'midas_sim' build argument 'catkin_cmake_args' from command line to 'None'
[0.469s] Level 5:colcon.colcon_core.verb:set package 'midas_sim' build argument 'catkin_skip_building_tests' from command line to 'False'
[0.469s] DEBUG:colcon.colcon_core.verb:Building package 'midas_sim' with the following arguments: {'ament_cmake_args': None, 'build_base': '/home/sachin/ros2_ws/midas_sim/build/midas_sim', 'catkin_cmake_args': None, 'catkin_skip_building_tests': False, 'cmake_args': None, 'cmake_clean_cache': False, 'cmake_clean_first': False, 'cmake_force_configure': False, 'cmake_target': None, 'cmake_target_skip_unavailable': False, 'install_base': '/home/sachin/ros2_ws/midas_sim/install/midas_sim', 'merge_install': False, 'path': '/home/sachin/ros2_ws/midas_sim', 'symlink_install': False, 'test_result_base': None}
[0.469s] INFO:colcon.colcon_core.executor:Executing jobs using 'parallel' executor
[0.470s] DEBUG:colcon.colcon_parallel_executor.executor.parallel:run_until_complete
[0.470s] INFO:colcon.colcon_ros.task.ament_cmake.build:Building ROS package in '/home/sachin/ros2_ws/midas_sim' with build type 'ament_cmake'
[0.471s] INFO:colcon.colcon_cmake.task.cmake.build:Building CMake package in '/home/sachin/ros2_ws/midas_sim'
[0.473s] INFO:colcon.colcon_core.plugin_system:Skipping extension 'colcon_core.shell.bat': Not used on non-Windows systems
[0.473s] INFO:colcon.colcon_core.shell:Skip shell extension 'powershell' for command environment: Not usable outside of PowerShell
[0.473s] DEBUG:colcon.colcon_core.shell:Skip shell extension 'dsv' for command environment
[0.483s] DEBUG:colcon.colcon_core.event_handler.log_command:Invoking command in '/home/sachin/ros2_ws/midas_sim/build/midas_sim': CMAKE_PREFIX_PATH=${CMAKE_PREFIX_PATH}:/opt/ros/humble /usr/bin/cmake --build /home/sachin/ros2_ws/midas_sim/build/midas_sim -- -j12 -l12
[0.558s] DEBUG:colcon.colcon_core.event_handler.log_command:Invoked command in '/home/sachin/ros2_ws/midas_sim/build/midas_sim' returned '0': CMAKE_PREFIX_PATH=${CMAKE_PREFIX_PATH}:/opt/ros/humble /usr/bin/cmake --build /home/sachin/ros2_ws/midas_sim/build/midas_sim -- -j12 -l12
[0.602s] DEBUG:colcon.colcon_core.event_handler.log_command:Invoking command in '/home/sachin/ros2_ws/midas_sim/build/midas_sim': CMAKE_PREFIX_PATH=${CMAKE_PREFIX_PATH}:/opt/ros/humble /usr/bin/cmake --install /home/sachin/ros2_ws/midas_sim/build/midas_sim
[0.616s] Level 1:colcon.colcon_core.environment:create_environment_scripts_only(midas_sim)
[0.617s] DEBUG:colcon.colcon_core.event_handler.log_command:Invoked command in '/home/sachin/ros2_ws/midas_sim/build/midas_sim' returned '0': CMAKE_PREFIX_PATH=${CMAKE_PREFIX_PATH}:/opt/ros/humble /usr/bin/cmake --install /home/sachin/ros2_ws/midas_sim/build/midas_sim
[0.621s] Level 1:colcon.colcon_core.environment:checking '/home/sachin/ros2_ws/midas_sim/install/midas_sim' for CMake module files
[0.622s] Level 1:colcon.colcon_core.environment:checking '/home/sachin/ros2_ws/midas_sim/install/midas_sim' for CMake config files
[0.622s] Level 1:colcon.colcon_core.shell:create_environment_hook('midas_sim', 'cmake_prefix_path')
[0.622s] INFO:colcon.colcon_core.shell:Creating environment hook '/home/sachin/ros2_ws/midas_sim/install/midas_sim/share/midas_sim/hook/cmake_prefix_path.ps1'
[0.623s] INFO:colcon.colcon_core.shell:Creating environment descriptor '/home/sachin/ros2_ws/midas_sim/install/midas_sim/share/midas_sim/hook/cmake_prefix_path.dsv'
[0.624s] INFO:colcon.colcon_core.shell:Creating environment hook '/home/sachin/ros2_ws/midas_sim/install/midas_sim/share/midas_sim/hook/cmake_prefix_path.sh'
[0.626s] Level 1:colcon.colcon_core.environment:checking '/home/sachin/ros2_ws/midas_sim/install/midas_sim/lib'
[0.626s] Level 1:colcon.colcon_core.shell:create_environment_hook('midas_sim', 'ld_library_path_lib')
[0.627s] INFO:colcon.colcon_core.shell:Creating environment hook '/home/sachin/ros2_ws/midas_sim/install/midas_sim/share/midas_sim/hook/ld_library_path_lib.ps1'
[0.627s] INFO:colcon.colcon_core.shell:Creating environment descriptor '/home/sachin/ros2_ws/midas_sim/install/midas_sim/share/midas_sim/hook/ld_library_path_lib.dsv'
[0.628s] INFO:colcon.colcon_core.shell:Creating environment hook '/home/sachin/ros2_ws/midas_sim/install/midas_sim/share/midas_sim/hook/ld_library_path_lib.sh'
[0.628s] Level 1:colcon.colcon_core.environment:checking '/home/sachin/ros2_ws/midas_sim/install/midas_sim/bin'
[0.628s] Level 1:colcon.colcon_core.environment:checking '/home/sachin/ros2_ws/midas_sim/install/midas_sim/lib/pkgconfig/midas_sim.pc'
[0.629s] Level 1:colcon.colcon_core.environment:checking '/home/sachin/ros2_ws/midas_sim/install/midas_sim/lib/python3.10/site-packages'
[0.629s] Level 1:colcon.colcon_core.environment:checking '/home/sachin/ros2_ws/midas_sim/install/midas_sim/bin'
[0.629s] INFO:colcon.colcon_core.shell:Creating package script '/home/sachin/ros2_ws/midas_sim/install/midas_sim/share/midas_sim/package.ps1'
[0.631s] INFO:colcon.colcon_core.shell:Creating package descriptor '/home/sachin/ros2_ws/midas_sim/install/midas_sim/share/midas_sim/package.dsv'
[0.631s] INFO:colcon.colcon_core.shell:Creating package script '/home/sachin/ros2_ws/midas_sim/install/midas_sim/share/midas_sim/package.sh'
[0.632s] INFO:colcon.colcon_core.shell:Creating package script '/home/sachin/ros2_ws/midas_sim/install/midas_sim/share/midas_sim/package.bash'
[0.633s] INFO:colcon.colcon_core.shell:Creating package script '/home/sachin/ros2_ws/midas_sim/install/midas_sim/share/midas_sim/package.zsh'
[0.634s] Level 1:colcon.colcon_core.environment:create_file_with_runtime_dependencies(/home/sachin/ros2_ws/midas_sim/install/midas_sim/share/colcon-core/packages/midas_sim)
[0.658s] Level 1:colcon.colcon_core.environment:create_environment_scripts_only(midas_sim)
[0.659s] Level 1:colcon.colcon_core.environment:checking '/home/sachin/ros2_ws/midas_sim/install/midas_sim' for CMake module files
[0.659s] Level 1:colcon.colcon_core.environment:checking '/home/sachin/ros2_ws/midas_sim/install/midas_sim' for CMake config files
[0.659s] Level 1:colcon.colcon_core.shell:create_environment_hook('midas_sim', 'cmake_prefix_path')
[0.660s] INFO:colcon.colcon_core.shell:Creating environment hook '/home/sachin/ros2_ws/midas_sim/install/midas_sim/share/midas_sim/hook/cmake_prefix_path.ps1'
[0.660s] INFO:colcon.colcon_core.shell:Creating environment descriptor '/home/sachin/ros2_ws/midas_sim/install/midas_sim/share/midas_sim/hook/cmake_prefix_path.dsv'
[0.661s] INFO:colcon.colcon_core.shell:Creating environment hook '/home/sachin/ros2_ws/midas_sim/install/midas_sim/share/midas_sim/hook/cmake_prefix_path.sh'
[0.661s] Level 1:colcon.colcon_core.environment:checking '/home/sachin/ros2_ws/midas_sim/install/midas_sim/lib'
[0.661s] Level 1:colcon.colcon_core.shell:create_environment_hook('midas_sim', 'ld_library_path_lib')
[0.662s] INFO:colcon.colcon_core.shell:Creating environment hook '/home/sachin/ros2_ws/midas_sim/install/midas_sim/share/midas_sim/hook/ld_library_path_lib.ps1'
[0.662s] INFO:colcon.colcon_core.shell:Creating environment descriptor '/home/sachin/ros2_ws/midas_sim/install/midas_sim/share/midas_sim/hook/ld_library_path_lib.dsv'
[0.662s] INFO:colcon.colcon_core.shell:Creating environment hook '/home/sachin/ros2_ws/midas_sim/install/midas_sim/share/midas_sim/hook/ld_library_path_lib.sh'
[0.663s] Level 1:colcon.colcon_core.environment:checking '/home/sachin/ros2_ws/midas_sim/install/midas_sim/bin'
[0.663s] Level 1:colcon.colcon_core.environment:checking '/home/sachin/ros2_ws/midas_sim/install/midas_sim/lib/pkgconfig/midas_sim.pc'
[0.663s] Level 1:colcon.colcon_core.environment:checking '/home/sachin/ros2_ws/midas_sim/install/midas_sim/lib/python3.10/site-packages'
[0.664s] Level 1:colcon.colcon_core.environment:checking '/home/sachin/ros2_ws/midas_sim/install/midas_sim/bin'
[0.664s] INFO:colcon.colcon_core.shell:Creating package script '/home/sachin/ros2_ws/midas_sim/install/midas_sim/share/midas_sim/package.ps1'
[0.665s] INFO:colcon.colcon_core.shell:Creating package descriptor '/home/sachin/ros2_ws/midas_sim/install/midas_sim/share/midas_sim/package.dsv'
[0.665s] INFO:colcon.colcon_core.shell:Creating package script '/home/sachin/ros2_ws/midas_sim/install/midas_sim/share/midas_sim/package.sh'
[0.666s] INFO:colcon.colcon_core.shell:Creating package script '/home/sachin/ros2_ws/midas_sim/install/midas_sim/share/midas_sim/package.bash'
[0.666s] INFO:colcon.colcon_core.shell:Creating package script '/home/sachin/ros2_ws/midas_sim/install/midas_sim/share/midas_sim/package.zsh'
[0.667s] Level 1:colcon.colcon_core.environment:create_file_with_runtime_dependencies(/home/sachin/ros2_ws/midas_sim/install/midas_sim/share/colcon-core/packages/midas_sim)
[0.667s] DEBUG:colcon.colcon_parallel_executor.executor.parallel:closing loop
[0.667s] DEBUG:colcon.colcon_parallel_executor.executor.parallel:loop closed
[0.668s] DEBUG:colcon.colcon_parallel_executor.executor.parallel:run_until_complete finished with '0'
[0.668s] DEBUG:colcon.colcon_core.event_reactor:joining thread
[0.673s] INFO:colcon.colcon_core.plugin_system:Skipping extension 'colcon_notification.desktop_notification.terminal_notifier': Not used on non-Darwin systems
[0.673s] INFO:colcon.colcon_core.plugin_system:Skipping extension 'colcon_notification.desktop_notification.win32': Not used on non-Windows systems
[0.674s] INFO:colcon.colcon_notification.desktop_notification:Sending desktop notification using 'notify2'
[0.685s] DEBUG:colcon.colcon_core.event_reactor:joined thread
[0.686s] INFO:colcon.colcon_core.shell:Creating prefix script '/home/sachin/ros2_ws/midas_sim/install/local_setup.ps1'
[0.687s] INFO:colcon.colcon_core.shell:Creating prefix util module '/home/sachin/ros2_ws/midas_sim/install/_local_setup_util_ps1.py'
[0.689s] INFO:colcon.colcon_core.shell:Creating prefix chain script '/home/sachin/ros2_ws/midas_sim/install/setup.ps1'
[0.690s] INFO:colcon.colcon_core.shell:Creating prefix script '/home/sachin/ros2_ws/midas_sim/install/local_setup.sh'
[0.691s] INFO:colcon.colcon_core.shell:Creating prefix util module '/home/sachin/ros2_ws/midas_sim/install/_local_setup_util_sh.py'
[0.692s] INFO:colcon.colcon_core.shell:Creating prefix chain script '/home/sachin/ros2_ws/midas_sim/install/setup.sh'
[0.693s] INFO:colcon.colcon_core.shell:Creating prefix script '/home/sachin/ros2_ws/midas_sim/install/local_setup.bash'
[0.694s] INFO:colcon.colcon_core.shell:Creating prefix chain script '/home/sachin/ros2_ws/midas_sim/install/setup.bash'
[0.695s] INFO:colcon.colcon_core.shell:Creating prefix script '/home/sachin/ros2_ws/midas_sim/install/local_setup.zsh'
[0.696s] INFO:colcon.colcon_core.shell:Creating prefix chain script '/home/sachin/ros2_ws/midas_sim/install/setup.zsh'
