[0.182s] DEBUG:colcon:Command line arguments: ['/usr/bin/colcon', 'build']
[0.182s] DEBUG:colcon:Parsed command line arguments: Namespace(log_base=None, log_level=None, verb_name='build', build_base='build', install_base='install', merge_install=False, symlink_install=False, test_result_base=None, continue_on_error=False, executor='parallel', parallel_workers=12, event_handlers=None, ignore_user_meta=False, metas=['./colcon.meta'], base_paths=['.'], packages_ignore=None, packages_ignore_regex=None, paths=None, packages_up_to=None, packages_up_to_regex=None, packages_above=None, packages_above_and_dependencies=None, packages_above_depth=None, packages_select_by_dep=None, packages_skip_by_dep=None, packages_skip_up_to=None, packages_select_build_failed=False, packages_skip_build_finished=False, packages_select_test_failures=False, packages_skip_test_passed=False, packages_select=None, packages_skip=None, packages_select_regex=None, packages_skip_regex=None, packages_start=None, packages_end=None, allow_overriding=[], cmake_args=None, cmake_target=None, cmake_target_skip_unavailable=False, cmake_clean_cache=False, cmake_clean_first=False, cmake_force_configure=False, ament_cmake_args=None, catkin_cmake_args=None, catkin_skip_building_tests=False, mixin_files=None, mixin=None, verb_parser=<colcon_mixin.mixin.mixin_argument.MixinArgumentDecorator object at 0x7882fc64e380>, verb_extension=<colcon_core.verb.build.BuildVerb object at 0x7882fc7529b0>, main=<bound method BuildVerb.main of <colcon_core.verb.build.BuildVerb object at 0x7882fc7529b0>>, mixin_verb=('build',))
[0.530s] Level 1:colcon.colcon_core.package_discovery:discover_packages(colcon_meta) check parameters
[0.530s] Level 1:colcon.colcon_core.package_discovery:discover_packages(recursive) check parameters
[0.530s] Level 1:colcon.colcon_core.package_discovery:discover_packages(ignore) check parameters
[0.530s] Level 1:colcon.colcon_core.package_discovery:discover_packages(path) check parameters
[0.530s] Level 1:colcon.colcon_core.package_discovery:discover_packages(colcon_meta) discover
[0.530s] Level 1:colcon.colcon_core.package_discovery:discover_packages(recursive) discover
[0.530s] INFO:colcon.colcon_core.package_discovery:Crawling recursively for packages in '/home/sachin/ros2_ws/midas_sim'
[0.530s] Level 1:colcon.colcon_core.package_identification:_identify(.) by extensions ['ignore', 'ignore_ament_install']
[0.531s] Level 1:colcon.colcon_core.package_identification:_identify(.) by extension 'ignore'
[0.531s] Level 1:colcon.colcon_core.package_identification:_identify(.) by extension 'ignore_ament_install'
[0.531s] Level 1:colcon.colcon_core.package_identification:_identify(.) by extensions ['colcon_pkg']
[0.531s] Level 1:colcon.colcon_core.package_identification:_identify(.) by extension 'colcon_pkg'
[0.531s] Level 1:colcon.colcon_core.package_identification:_identify(.) by extensions ['colcon_meta']
[0.531s] Level 1:colcon.colcon_core.package_identification:_identify(.) by extension 'colcon_meta'
[0.531s] Level 1:colcon.colcon_core.package_identification:_identify(.) by extensions ['ros']
[0.531s] Level 1:colcon.colcon_core.package_identification:_identify(.) by extension 'ros'
[0.550s] DEBUG:colcon.colcon_core.package_identification:Package '.' with type 'ros.ament_cmake' and name 'midas_sim'
[0.550s] Level 1:colcon.colcon_core.package_discovery:discover_packages(recursive) using defaults
[0.550s] Level 1:colcon.colcon_core.package_discovery:discover_packages(ignore) discover
[0.550s] Level 1:colcon.colcon_core.package_discovery:discover_packages(ignore) using defaults
[0.550s] Level 1:colcon.colcon_core.package_discovery:discover_packages(path) discover
[0.550s] Level 1:colcon.colcon_core.package_discovery:discover_packages(path) using defaults
[0.590s] Level 1:colcon.colcon_core.package_discovery:discover_packages(prefix_path) check parameters
[0.590s] Level 1:colcon.colcon_core.package_discovery:discover_packages(prefix_path) discover
[0.594s] DEBUG:colcon.colcon_installed_package_information.package_discovery:Found 301 installed packages in /opt/ros/humble
[0.596s] Level 1:colcon.colcon_core.package_discovery:discover_packages(prefix_path) using defaults
[0.678s] Level 5:colcon.colcon_core.verb:set package 'midas_sim' build argument 'cmake_args' from command line to 'None'
[0.678s] Level 5:colcon.colcon_core.verb:set package 'midas_sim' build argument 'cmake_target' from command line to 'None'
[0.678s] Level 5:colcon.colcon_core.verb:set package 'midas_sim' build argument 'cmake_target_skip_unavailable' from command line to 'False'
[0.678s] Level 5:colcon.colcon_core.verb:set package 'midas_sim' build argument 'cmake_clean_cache' from command line to 'False'
[0.678s] Level 5:colcon.colcon_core.verb:set package 'midas_sim' build argument 'cmake_clean_first' from command line to 'False'
[0.678s] Level 5:colcon.colcon_core.verb:set package 'midas_sim' build argument 'cmake_force_configure' from command line to 'False'
[0.678s] Level 5:colcon.colcon_core.verb:set package 'midas_sim' build argument 'ament_cmake_args' from command line to 'None'
[0.678s] Level 5:colcon.colcon_core.verb:set package 'midas_sim' build argument 'catkin_cmake_args' from command line to 'None'
[0.678s] Level 5:colcon.colcon_core.verb:set package 'midas_sim' build argument 'catkin_skip_building_tests' from command line to 'False'
[0.678s] DEBUG:colcon.colcon_core.verb:Building package 'midas_sim' with the following arguments: {'ament_cmake_args': None, 'build_base': '/home/sachin/ros2_ws/midas_sim/build/midas_sim', 'catkin_cmake_args': None, 'catkin_skip_building_tests': False, 'cmake_args': None, 'cmake_clean_cache': False, 'cmake_clean_first': False, 'cmake_force_configure': False, 'cmake_target': None, 'cmake_target_skip_unavailable': False, 'install_base': '/home/sachin/ros2_ws/midas_sim/install/midas_sim', 'merge_install': False, 'path': '/home/sachin/ros2_ws/midas_sim', 'symlink_install': False, 'test_result_base': None}
[0.678s] INFO:colcon.colcon_core.executor:Executing jobs using 'parallel' executor
[0.679s] DEBUG:colcon.colcon_parallel_executor.executor.parallel:run_until_complete
[0.680s] INFO:colcon.colcon_ros.task.ament_cmake.build:Building ROS package in '/home/sachin/ros2_ws/midas_sim' with build type 'ament_cmake'
[0.680s] INFO:colcon.colcon_cmake.task.cmake.build:Building CMake package in '/home/sachin/ros2_ws/midas_sim'
[0.684s] INFO:colcon.colcon_core.plugin_system:Skipping extension 'colcon_core.shell.bat': Not used on non-Windows systems
[0.684s] INFO:colcon.colcon_core.shell:Skip shell extension 'powershell' for command environment: Not usable outside of PowerShell
[0.684s] DEBUG:colcon.colcon_core.shell:Skip shell extension 'dsv' for command environment
[0.692s] DEBUG:colcon.colcon_core.event_handler.log_command:Invoking command in '/home/sachin/ros2_ws/midas_sim/build/midas_sim': CMAKE_PREFIX_PATH=/opt/ros/humble /usr/bin/cmake /home/sachin/ros2_ws/midas_sim -DCMAKE_INSTALL_PREFIX=/home/sachin/ros2_ws/midas_sim/install/midas_sim
[2.307s] DEBUG:colcon.colcon_core.event_handler.log_command:Invoked command in '/home/sachin/ros2_ws/midas_sim/build/midas_sim' returned '1': CMAKE_PREFIX_PATH=/opt/ros/humble /usr/bin/cmake /home/sachin/ros2_ws/midas_sim -DCMAKE_INSTALL_PREFIX=/home/sachin/ros2_ws/midas_sim/install/midas_sim
[2.319s] Level 1:colcon.colcon_core.environment:create_environment_scripts_only(midas_sim)
[2.324s] Level 1:colcon.colcon_core.environment:checking '/home/sachin/ros2_ws/midas_sim/install/midas_sim' for CMake module files
[2.324s] Level 1:colcon.colcon_core.environment:checking '/home/sachin/ros2_ws/midas_sim/install/midas_sim' for CMake config files
[2.325s] Level 1:colcon.colcon_core.environment:checking '/home/sachin/ros2_ws/midas_sim/install/midas_sim/bin'
[2.325s] Level 1:colcon.colcon_core.environment:checking '/home/sachin/ros2_ws/midas_sim/install/midas_sim/lib/pkgconfig/midas_sim.pc'
[2.325s] Level 1:colcon.colcon_core.environment:checking '/home/sachin/ros2_ws/midas_sim/install/midas_sim/lib/python3.10/site-packages'
[2.325s] Level 1:colcon.colcon_core.environment:checking '/home/sachin/ros2_ws/midas_sim/install/midas_sim/bin'
[2.326s] INFO:colcon.colcon_core.shell:Creating package script '/home/sachin/ros2_ws/midas_sim/install/midas_sim/share/midas_sim/package.ps1'
[2.327s] INFO:colcon.colcon_core.shell:Creating package descriptor '/home/sachin/ros2_ws/midas_sim/install/midas_sim/share/midas_sim/package.dsv'
[2.328s] INFO:colcon.colcon_core.shell:Creating package script '/home/sachin/ros2_ws/midas_sim/install/midas_sim/share/midas_sim/package.sh'
[2.328s] INFO:colcon.colcon_core.shell:Creating package script '/home/sachin/ros2_ws/midas_sim/install/midas_sim/share/midas_sim/package.bash'
[2.330s] INFO:colcon.colcon_core.shell:Creating package script '/home/sachin/ros2_ws/midas_sim/install/midas_sim/share/midas_sim/package.zsh'
[2.331s] Level 1:colcon.colcon_core.environment:create_file_with_runtime_dependencies(/home/sachin/ros2_ws/midas_sim/install/midas_sim/share/colcon-core/packages/midas_sim)
[2.341s] DEBUG:colcon.colcon_parallel_executor.executor.parallel:closing loop
[2.341s] DEBUG:colcon.colcon_parallel_executor.executor.parallel:loop closed
[2.341s] DEBUG:colcon.colcon_parallel_executor.executor.parallel:run_until_complete finished with '1'
[2.341s] DEBUG:colcon.colcon_core.event_reactor:joining thread
[2.348s] INFO:colcon.colcon_core.plugin_system:Skipping extension 'colcon_notification.desktop_notification.terminal_notifier': Not used on non-Darwin systems
[2.348s] INFO:colcon.colcon_core.plugin_system:Skipping extension 'colcon_notification.desktop_notification.win32': Not used on non-Windows systems
[2.348s] INFO:colcon.colcon_notification.desktop_notification:Sending desktop notification using 'notify2'
[2.370s] DEBUG:colcon.colcon_core.event_reactor:joined thread
[2.371s] INFO:colcon.colcon_core.shell:Creating prefix script '/home/sachin/ros2_ws/midas_sim/install/local_setup.ps1'
[2.372s] INFO:colcon.colcon_core.shell:Creating prefix util module '/home/sachin/ros2_ws/midas_sim/install/_local_setup_util_ps1.py'
[2.374s] INFO:colcon.colcon_core.shell:Creating prefix chain script '/home/sachin/ros2_ws/midas_sim/install/setup.ps1'
[2.375s] INFO:colcon.colcon_core.shell:Creating prefix script '/home/sachin/ros2_ws/midas_sim/install/local_setup.sh'
[2.376s] INFO:colcon.colcon_core.shell:Creating prefix util module '/home/sachin/ros2_ws/midas_sim/install/_local_setup_util_sh.py'
[2.377s] INFO:colcon.colcon_core.shell:Creating prefix chain script '/home/sachin/ros2_ws/midas_sim/install/setup.sh'
[2.378s] INFO:colcon.colcon_core.shell:Creating prefix script '/home/sachin/ros2_ws/midas_sim/install/local_setup.bash'
[2.379s] INFO:colcon.colcon_core.shell:Creating prefix chain script '/home/sachin/ros2_ws/midas_sim/install/setup.bash'
[2.380s] INFO:colcon.colcon_core.shell:Creating prefix script '/home/sachin/ros2_ws/midas_sim/install/local_setup.zsh'
[2.381s] INFO:colcon.colcon_core.shell:Creating prefix chain script '/home/sachin/ros2_ws/midas_sim/install/setup.zsh'
