[0.011s] Invoking command in '/home/sachin/ros2_ws/midas_sim/build/midas_sim': CMAKE_PREFIX_PATH=/opt/ros/humble /usr/bin/cmake /home/sachin/ros2_ws/midas_sim -DCMAKE_INSTALL_PREFIX=/home/sachin/ros2_ws/midas_sim/install/midas_sim
[0.024s] -- Found ament_cmake: 1.3.10 (/opt/ros/humble/share/ament_cmake/cmake)
[0.171s] -- Found rclcpp: 16.0.10 (/opt/ros/humble/share/rclcpp/cmake)
[0.204s] -- Found rosidl_generator_c: 3.1.5 (/opt/ros/humble/share/rosidl_generator_c/cmake)
[0.207s] -- Found rosidl_adapter: 3.1.5 (/opt/ros/humble/share/rosidl_adapter/cmake)
[0.215s] -- Found rosidl_generator_cpp: 3.1.5 (/opt/ros/humble/share/rosidl_generator_cpp/cmake)
[0.227s] -- Using all available rosidl_typesupport_c: rosidl_typesupport_fastrtps_c;rosidl_typesupport_introspection_c
[0.243s] -- Using all available rosidl_typesupport_cpp: rosidl_typesupport_fastrtps_cpp;rosidl_typesupport_introspection_cpp
[0.293s] -- Found rmw_implementation_cmake: 6.1.2 (/opt/ros/humble/share/rmw_implementation_cmake/cmake)
[0.294s] -- Found rmw_fastrtps_cpp: 6.2.7 (/opt/ros/humble/share/rmw_fastrtps_cpp/cmake)
[0.403s] -- Using RMW implementation 'rmw_fastrtps_cpp' as default
[0.468s] -- Found geometry_msgs: 4.2.4 (/opt/ros/humble/share/geometry_msgs/cmake)
[0.484s] -- Found pluginlib: 5.1.0 (/opt/ros/humble/share/pluginlib/cmake)
[0.500s] -- Found webots_ros2_driver: 2023.1.3 (/opt/ros/humble/share/webots_ros2_driver/cmake)
[0.531s] -- Found eigen3_cmake_module: 0.1.1 (/opt/ros/humble/share/eigen3_cmake_module/cmake)
[0.533s] -- Ensuring Eigen3 include directory is part of orocos-kdl CMake target
[0.794s] -- Configuring done
[0.843s] -- Generating done
[0.845s] -- Build files have been written to: /home/sachin/ros2_ws/midas_sim/build/midas_sim
[0.853s] Invoked command in '/home/sachin/ros2_ws/midas_sim/build/midas_sim' returned '0': CMAKE_PREFIX_PATH=/opt/ros/humble /usr/bin/cmake /home/sachin/ros2_ws/midas_sim -DCMAKE_INSTALL_PREFIX=/home/sachin/ros2_ws/midas_sim/install/midas_sim
[0.855s] Invoking command in '/home/sachin/ros2_ws/midas_sim/build/midas_sim': CMAKE_PREFIX_PATH=/opt/ros/humble /usr/bin/cmake --build /home/sachin/ros2_ws/midas_sim/build/midas_sim -- -j12 -l12
[0.907s] [ 50%] [32mBuilding CXX object CMakeFiles/midas_sim.dir/src/RobotDriver.cpp.o[0m
[0.929s] [01m[K/home/sachin/ros2_ws/midas_sim/src/RobotDriver.cpp:1:10:[m[K [01;31m[Kfatal error: [m[Kmy_package/MyRobotDriver.hpp: No such file or directory
[0.929s]     1 | #include [01;31m[K"my_package/MyRobotDriver.hpp"[m[K
[0.929s]       |          [01;31m[K^~~~~~~~~~~~~~~~~~~~~~~~~~~~~~[m[K
[0.929s] compilation terminated.
[0.931s] gmake[2]: *** [CMakeFiles/midas_sim.dir/build.make:76: CMakeFiles/midas_sim.dir/src/RobotDriver.cpp.o] Error 1
[0.931s] gmake[1]: *** [CMakeFiles/Makefile2:137: CMakeFiles/midas_sim.dir/all] Error 2
[0.931s] gmake: *** [Makefile:146: all] Error 2
[0.935s] Invoked command in '/home/sachin/ros2_ws/midas_sim/build/midas_sim' returned '2': CMAKE_PREFIX_PATH=/opt/ros/humble /usr/bin/cmake --build /home/sachin/ros2_ws/midas_sim/build/midas_sim -- -j12 -l12
